foo.rkt:3:18: only-in: identifier `natural?' not included in nested require spec   at: racket/math   in: (only-in racket/math natural?)   compilation context...:    /Users/ben/code/racket/my-pkgs/gtp-measure/foo.rkt   context...:    /Users/ben/code/racket/6.5/racket/collects/racket/private/reqprov.rkt:438:5    /Users/ben/code/racket/6.5/racket/collects/racket/require-transform.rkt:266:2: expand-import    /Users/ben/code/racket/6.5/racket/collects/racket/private/reqprov.rkt:266:21: try-next    /Users/ben/code/racket/6.5/racket/collects/racket/private/reqprov.rkt:243:2    /Users/ben/code/racket/6.5/racket/collects/syntax/wrap-modbeg.rkt:46:4    /Users/ben/code/racket/6.5/racket/collects/compiler/cm.rkt:362:0: compile-zo*    /Users/ben/code/racket/6.5/racket/collects/compiler/cm.rkt:570:26    /Users/ben/code/racket/6.5/racket/collects/compiler/cm.rkt:562:42    /Users/ben/code/racket/6.5/racket/collects/compiler/cm.rkt:634:2: do-check    /Users/ben/code/racket/6.5/racket/collects/compiler/cm.rkt:722:4    /Users/ben/code/racket/6.5/racket/share/pkgs/compiler-lib/compiler/commands/make.rkt:81:8: for-loop    /Users/ben/code/racket/6.5/racket/share/pkgs/compiler-lib/compiler/commands/make.rkt: [running body]    /Users/ben/code/racket/6.5/racket/collects/raco/raco.rkt: [running body]    /Users/ben/code/racket/6.5/racket/collects/raco/main.rkt: [running body] 
