cpu time: 0 real time: 0 gc time: 0
cpu time: 0 real time: 0 gc time: 0
cpu time: 0 real time: 0 gc time: 0
cpu time: 0 real time: 0 gc time: 0
cpu time: 0 real time: 0 gc time: 0
cpu time: 0 real time: 0 gc time: 0
cpu time: 0 real time: 0 gc time: 0
cpu time: 0 real time: 0 gc time: 0
